// Jest Snapshot v1, https://goo.gl/fbAQLP

exports[`Button component Render the button without props 1`] = `
<div>
  <button
    class=" btn__medium"
    type="button"
  />
</div>
`;
